// Jest Snapshot v1, https://goo.gl/fbAQLP

exports[`BlockyGame renders the game from the grid provided 1`] = `
<DocumentFragment>
  <div
    id="game"
  >
    <div
      class="grid"
    >
      <div
        class="block active"
        data-testid="block-0-0"
        data-x="0"
        data-y="0"
        style="background-color: blue;"
      />
      <div
        class="block active"
        data-testid="block-0-1"
        data-x="0"
        data-y="1"
        style="background-color: green;"
      />
      <div
        class="block active"
        data-testid="block-0-2"
        data-x="0"
        data-y="2"
        style="background-color: green;"
      />
      <div
        class="block active"
        data-testid="block-0-3"
        data-x="0"
        data-y="3"
        style="background-color: yellow;"
      />
      <div
        class="block active"
        data-testid="block-0-4"
        data-x="0"
        data-y="4"
        style="background-color: green;"
      />
      <div
        class="block active"
        data-testid="block-1-0"
        data-x="1"
        data-y="0"
        style="background-color: green;"
      />
      <div
        class="block active"
        data-testid="block-1-1"
        data-x="1"
        data-y="1"
        style="background-color: green;"
      />
      <div
        class="block active"
        data-testid="block-1-2"
        data-x="1"
        data-y="2"
        style="background-color: red;"
      />
      <div
        class="block active"
        data-testid="block-1-3"
        data-x="1"
        data-y="3"
        style="background-color: yellow;"
      />
      <div
        class="block active"
        data-testid="block-1-4"
        data-x="1"
        data-y="4"
        style="background-color: yellow;"
      />
      <div
        class="block active"
        data-testid="block-2-0"
        data-x="2"
        data-y="0"
        style="background-color: yellow;"
      />
      <div
        class="block active"
        data-testid="block-2-1"
        data-x="2"
        data-y="1"
        style="background-color: green;"
      />
      <div
        class="block active"
        data-testid="block-2-2"
        data-x="2"
        data-y="2"
        style="background-color: blue;"
      />
      <div
        class="block active"
        data-testid="block-2-3"
        data-x="2"
        data-y="3"
        style="background-color: blue;"
      />
      <div
        class="block active"
        data-testid="block-2-4"
        data-x="2"
        data-y="4"
        style="background-color: red;"
      />
      <div
        class="block active"
        data-testid="block-3-0"
        data-x="3"
        data-y="0"
        style="background-color: red;"
      />
      <div
        class="block active"
        data-testid="block-3-1"
        data-x="3"
        data-y="1"
        style="background-color: yellow;"
      />
      <div
        class="block active"
        data-testid="block-3-2"
        data-x="3"
        data-y="2"
        style="background-color: green;"
      />
      <div
        class="block active"
        data-testid="block-3-3"
        data-x="3"
        data-y="3"
        style="background-color: blue;"
      />
      <div
        class="block active"
        data-testid="block-3-4"
        data-x="3"
        data-y="4"
        style="background-color: red;"
      />
      <div
        class="block active"
        data-testid="block-4-0"
        data-x="4"
        data-y="0"
        style="background-color: green;"
      />
      <div
        class="block active"
        data-testid="block-4-1"
        data-x="4"
        data-y="1"
        style="background-color: red;"
      />
      <div
        class="block active"
        data-testid="block-4-2"
        data-x="4"
        data-y="2"
        style="background-color: blue;"
      />
      <div
        class="block active"
        data-testid="block-4-3"
        data-x="4"
        data-y="3"
        style="background-color: blue;"
      />
      <div
        class="block active"
        data-testid="block-4-4"
        data-x="4"
        data-y="4"
        style="background-color: blue;"
      />
    </div>
    <div
      class="grid floating"
    />
  </div>
</DocumentFragment>
`;
