// Jest Snapshot v1, https://goo.gl/fbAQLP

exports[`TransitionsGrid renders an animated transition block for each transition passed 1`] = `
<DocumentFragment>
  <div
    class="grid floating"
  >
    <div
      style="background-color: grey; grid-column: 3; grid-row: 3;"
    >
      <div
        class="block animate animate--remove"
        data-x="2"
        data-y="2"
        style="background-color: blue;"
      />
    </div>
    <div
      style="background-color: grey; grid-column: 3; grid-row: 4;"
    >
      <div
        class="block animate animate--remove"
        data-x="2"
        data-y="3"
        style="background-color: blue;"
      />
    </div>
    <div
      style="background-color: grey; grid-column: 4; grid-row: 4;"
    >
      <div
        class="block animate animate--remove"
        data-x="3"
        data-y="3"
        style="background-color: blue;"
      />
    </div>
    <div
      style="background-color: grey; grid-column: 5; grid-row: 4;"
    >
      <div
        class="block animate animate--remove"
        data-x="4"
        data-y="3"
        style="background-color: blue;"
      />
    </div>
    <div
      style="background-color: grey; grid-column: 5; grid-row: 5;"
    >
      <div
        class="block animate animate--remove"
        data-x="4"
        data-y="4"
        style="background-color: blue;"
      />
    </div>
    <div
      style="background-color: grey; grid-column: 5; grid-row: 3;"
    >
      <div
        class="block animate animate--remove"
        data-x="4"
        data-y="2"
        style="background-color: blue;"
      />
    </div>
    <div
      style="background-color: grey; grid-column: 5; grid-row: 2;"
    >
      <div
        class="block animate animate--drop"
        data-x="4"
        data-y="1"
        style="background-color: red;"
      />
    </div>
    <div
      style="background-color: grey; grid-column: 5; grid-row: 1;"
    >
      <div
        class="block animate animate--drop"
        data-x="4"
        data-y="0"
        style="background-color: green;"
      />
    </div>
    <div
      style="background-color: grey; grid-column: 4; grid-row: 3;"
    >
      <div
        class="block animate animate--drop"
        data-x="3"
        data-y="2"
        style="background-color: green;"
      />
    </div>
    <div
      style="background-color: grey; grid-column: 4; grid-row: 2;"
    >
      <div
        class="block animate animate--drop"
        data-x="3"
        data-y="1"
        style="background-color: yellow;"
      />
    </div>
    <div
      style="background-color: grey; grid-column: 4; grid-row: 1;"
    >
      <div
        class="block animate animate--drop"
        data-x="3"
        data-y="0"
        style="background-color: red;"
      />
    </div>
    <div
      style="background-color: grey; grid-column: 3; grid-row: 2;"
    >
      <div
        class="block animate animate--drop"
        data-x="2"
        data-y="1"
        style="background-color: green;"
      />
    </div>
    <div
      style="background-color: grey; grid-column: 3; grid-row: 1;"
    >
      <div
        class="block animate animate--drop"
        data-x="2"
        data-y="0"
        style="background-color: yellow;"
      />
    </div>
  </div>
</DocumentFragment>
`;
